[www.calstatela.edu/centers/hipic.html]
[backblue.gif]
[fade.gif]
[index.html]
[www.calstatela.edu/modules/system/system.base70d9.css]
[www.calstatela.edu/modules/system/system.messages70d9.css]
[www.calstatela.edu/modules/system/system.theme70d9.css]
[www.calstatela.edu/sites/all/modules/contrib/jquery_update/replace/ui/themes/base/minified/jquery.ui.core.min70d9.css]
[www.calstatela.edu/sites/all/modules/contrib/jquery_update/replace/ui/themes/base/minified/jquery.ui.theme.min70d9.css]
[www.calstatela.edu/sites/all/modules/contrib/jquery_update/replace/ui/themes/base/minified/jquery.ui.accordion.min70d9.css]
[www.calstatela.edu/sites/all/modules/contrib/jquery_update/replace/ui/themes/base/minified/jquery.ui.tabs.min70d9.css]
[www.calstatela.edu/sites/all/modules/contrib/scroll_to_top/scroll_to_top70d9.css]
[www.calstatela.edu/modules/book/book70d9.css]
[www.calstatela.edu/sites/all/modules/contrib/calendar/css/calendar_multiday70d9.css]
[www.calstatela.edu/modules/comment/comment70d9.css]
[www.calstatela.edu/sites/all/modules/custom/csula_menu/css/csula_menu70d9.css]
[www.calstatela.edu/sites/all/modules/contrib/date/date_api/date70d9.css]
[www.calstatela.edu/sites/all/modules/contrib/date/date_popup/themes/datepicker.1.770d9.css]
[www.calstatela.edu/sites/all/modules/contrib/fences/field70d9.css]
[www.calstatela.edu/sites/all/modules/contrib/google_appliance/theme/google_appliance70d9.css]
[www.calstatela.edu/sites/all/modules/contrib/logintoboggan/logintoboggan70d9.css]
[www.calstatela.edu/sites/all/modules/contrib/menu_attach_block/menu_attach_block70d9.css]
[www.calstatela.edu/modules/node/node70d9.css]
[www.calstatela.edu/sites/all/modules/contrib/picture/picture_wysiwyg70d9.css]
[www.calstatela.edu/modules/search/search70d9.css]
[www.calstatela.edu/modules/user/user70d9.css]
[www.calstatela.edu/sites/all/modules/contrib/views/css/views70d9.css]
[www.calstatela.edu/sites/all/modules/contrib/flickr/flickr70d9.css]
[www.calstatela.edu/sites/all/modules/contrib/flickr/flickr_cc_icons_on_hover70d9.css]
[www.calstatela.edu/sites/all/modules/contrib/absolute_messages/absolute_messages70d9.css]
[www.calstatela.edu/sites/all/modules/contrib/ctools/css/ctools70d9.css]
[www.calstatela.edu/sites/all/libraries/fancybox/source/jquery.fancybox70d9.css]
[www.calstatela.edu/sites/all/modules/custom/kwall_slide_menu/css/kwall_slide_menu70d9.css]
[www.calstatela.edu/sites/all/themes/custom/csula_partial_theme/css/normalize70d9.css]
[www.calstatela.edu/sites/default/files/less/styles.EtyKzp96unbMbXgtJ3VeZ6o3dhS3wZC31Y5pdCsBXLo70d9.css]
[www.calstatela.edu/sites/default/files/css_injector/css_injector_170d9.css]
[www.calstatela.edu/sites/default/files/css_injector/css_injector_17670d9.css]
[ajax.googleapis.com/ajax/libs/jquery/1.8.3/jquery.min.js]
[ajax.googleapis.com/ajax/libs/jqueryui/1.10.2/jquery-ui.min.js]
[www.calstatela.edu/sites/default/files/js/js_38VWQ3jjQx0wRFj7gkntZr077GgJoGn5nv3v05IeLLo.js]
[www.calstatela.edu/sites/all/modules/contrib/jquery_update/replace/jquery/1.8/jquery.min.js]
[www.calstatela.edu/sites/all/modules/contrib/jquery_update/replace/ui/ui/minified/jquery-ui.min.js]
[www.calstatela.edu/sites/default/files/js/js_cyMM8LWJnjj9HKH-29oT6CebO_jNPJEicmEd7Ldra9o.js]
[www.calstatela.edu/sites/default/files/js/js_rRbn__yWBOMKH4qnFwIhjfLGaMlznQmIC5xRGUV_eMQ.js]
[www.calstatela.edu/sites/default/files/js/js_DuCBxVBnmwlqi-FUiwD_uvjmLVBk6uphM_23_gbOteI.js]
[www.calstatela.edu/sites/default/files/js/js_E_uzB6GLObZLbKe5WWwVWYaCo51Ov07Kn0qktsbvmFs.js]
[www.google-analytics.com/analytics.js]
[ecatalog.calstatela.edu/widget-api/widget-api.min.js]
[www.calstatela.edu/sites/default/files/js/js_IQCJWy_qHkTeZ4m0vDaroFKXcKwe8LsOc7RayD5-uWU.js]
[www.calstatela.edu/sites/default/files/js/js_-IKKq7mTwEFYvvpuBDldsbMnL1GGC34l3rpH7n4f8gs.js]
[www.calstatela.edu/centers/hipic/people.html]
[www.calstatela.edu/centers/hipic/research.html]
[www.calstatela.edu/centers/hipic/publications.html]
[www.calstatela.edu/centers/hipic/collaborators.html]
[www.calstatela.edu/centers/hipic/news-events.html]
[www.calstatela.edu/centers/hipic/related-site.html]
[www.calstatela.edu/centers/hipic/call-papers-0.html]
[www.calstatela.edu/centers/hipic/big-data-classes.html]
[www.calstatela.edu/centers/hipic/covid-19-us-ca-confirmed-prediction.html]
[www.calstatela.edu/centers/hipic/covid-19-0.html]
[www.calstatela.edu/centers/CSULA Transparent Shiled Logo Fall 2015]
[www.calstatela.edu/centers/CSULA Pop Logo]
[www.calstatela.edu/cdn-cgi/scripts/5c5dd728/cloudflare-static/email-decode.min.js]
[www.calstatela.edu/sites/default/files/js/js_7Ukqb3ierdBEL0eowfOKzTkNu-Le97OPm-UqTS5NENU.js]
[www.calstatela.edu/centers/hipic.html]
[www.calstatela.edu/misc/throbber-inactive.png]
[www.calstatela.edu/misc/throbber-active.gif]
[www.calstatela.edu/misc/grippie.png]
[www.calstatela.edu/misc/draggable.png]
[www.calstatela.edu/misc/tree.png]
[www.calstatela.edu/misc/tree-bottom.png]
[www.calstatela.edu/modules/system/system.base70d9.css]
[www.calstatela.edu/misc/message-24-ok.png]
[www.calstatela.edu/misc/message-24-warning.png]
[www.calstatela.edu/misc/message-24-error.png]
[www.calstatela.edu/modules/system/system.messages70d9.css]
[www.calstatela.edu/misc/help.png]
[www.calstatela.edu/misc/menu-expanded.png]
[www.calstatela.edu/misc/menu-collapsed.png]
[www.calstatela.edu/misc/progress.gif]
[www.calstatela.edu/modules/system/system.theme70d9.css]
[www.calstatela.edu/sites/all/modules/contrib/jquery_update/replace/ui/themes/base/minified/jquery.ui.core.min70d9.css]
[www.calstatela.edu/sites/all/modules/contrib/jquery_update/replace/ui/themes/base/minified/images/ui-bg_flat_75_ffffff_40x100.png]
[www.calstatela.edu/sites/all/modules/contrib/jquery_update/replace/ui/themes/base/minified/images/ui-bg_highlight-soft_75_cccccc_1x100.png]
[www.calstatela.edu/sites/all/modules/contrib/jquery_update/replace/ui/themes/base/minified/images/ui-bg_glass_75_e6e6e6_1x400.png]
[www.calstatela.edu/sites/all/modules/contrib/jquery_update/replace/ui/themes/base/minified/images/ui-bg_glass_75_dadada_1x400.png]
[www.calstatela.edu/sites/all/modules/contrib/jquery_update/replace/ui/themes/base/minified/images/ui-bg_glass_65_ffffff_1x400.png]
[www.calstatela.edu/sites/all/modules/contrib/jquery_update/replace/ui/themes/base/minified/images/ui-bg_glass_55_fbf9ee_1x400.png]
[www.calstatela.edu/sites/all/modules/contrib/jquery_update/replace/ui/themes/base/minified/images/ui-bg_glass_95_fef1ec_1x400.png]
[www.calstatela.edu/sites/all/modules/contrib/jquery_update/replace/ui/themes/base/minified/images/ui-icons_222222_256x240.png]
[www.calstatela.edu/sites/all/modules/contrib/jquery_update/replace/ui/themes/base/minified/images/ui-icons_888888_256x240.png]
[www.calstatela.edu/sites/all/modules/contrib/jquery_update/replace/ui/themes/base/minified/images/ui-icons_454545_256x240.png]
[www.calstatela.edu/sites/all/modules/contrib/jquery_update/replace/ui/themes/base/minified/images/ui-icons_2e83ff_256x240.png]
[www.calstatela.edu/sites/all/modules/contrib/jquery_update/replace/ui/themes/base/minified/images/ui-icons_cd0a0a_256x240.png]
[www.calstatela.edu/sites/all/modules/contrib/jquery_update/replace/ui/themes/base/minified/images/ui-bg_flat_0_aaaaaa_40x100.png]
[www.calstatela.edu/sites/all/modules/contrib/jquery_update/replace/ui/themes/base/minified/jquery.ui.theme.min70d9.css]
[www.calstatela.edu/sites/all/modules/contrib/jquery_update/replace/ui/themes/base/minified/jquery.ui.accordion.min70d9.css]
[www.calstatela.edu/sites/all/modules/contrib/jquery_update/replace/ui/themes/base/minified/jquery.ui.tabs.min70d9.css]
[www.calstatela.edu/sites/all/modules/contrib/scroll_to_top/null]
[www.calstatela.edu/sites/all/modules/contrib/scroll_to_top/up-arrow.png]
[www.calstatela.edu/sites/all/modules/contrib/scroll_to_top/scroll_to_top70d9.css]
[www.calstatela.edu/modules/book/book70d9.css]
[www.calstatela.edu/sites/all/modules/contrib/calendar/css/calendar_multiday70d9.css]
[www.calstatela.edu/modules/comment/comment70d9.css]
[www.calstatela.edu/sites/all/modules/custom/csula_menu/images/mobile-menu-arrows.png]
[www.calstatela.edu/sites/all/modules/custom/csula_menu/css/csula_menu70d9.css]
[www.calstatela.edu/sites/all/modules/contrib/date/date_api/date70d9.css]
[www.calstatela.edu/sites/all/modules/contrib/date/date_popup/themes/datepicker.1.770d9.css]
[www.calstatela.edu/sites/all/modules/contrib/fences/field70d9.css]
[www.calstatela.edu/sites/all/modules/contrib/google_appliance/theme/google_appliance70d9.css]
[www.calstatela.edu/sites/all/modules/contrib/logintoboggan/logintoboggan70d9.css]
[www.calstatela.edu/sites/all/modules/contrib/menu_attach_block/arrow-asc.png]
[www.calstatela.edu/sites/all/modules/contrib/menu_attach_block/arrow-desc.png]
[www.calstatela.edu/sites/all/modules/contrib/menu_attach_block/menu_attach_block70d9.css]
[www.calstatela.edu/modules/node/node70d9.css]
[www.calstatela.edu/sites/all/modules/contrib/picture/picture_wysiwyg70d9.css]
[www.calstatela.edu/modules/search/search70d9.css]
[www.calstatela.edu/modules/user/user70d9.css]
[www.calstatela.edu/sites/all/modules/contrib/views/css/views70d9.css]
[www.calstatela.edu/sites/all/modules/contrib/flickr/flickr70d9.css]
[www.calstatela.edu/sites/all/modules/contrib/flickr/flickr_cc_icons_on_hover70d9.css]
[www.calstatela.edu/sites/all/modules/contrib/absolute_messages/absolute_messages70d9.css]
[www.calstatela.edu/sites/all/modules/contrib/ctools/images/status-active.gif]
[www.calstatela.edu/sites/all/modules/contrib/ctools/css/ctools70d9.css]
[www.calstatela.edu/sites/all/libraries/fancybox/source/fancybox_sprite.png]
[www.calstatela.edu/sites/all/libraries/fancybox/source/fancybox_loading.gif]
[www.calstatela.edu/sites/all/libraries/fancybox/source/blank.gif]
[www.calstatela.edu/sites/all/libraries/fancybox/source/fancybox_overlay.png]
[www.calstatela.edu/sites/all/libraries/fancybox/source/fancybox_sprite@2x.png]
[www.calstatela.edu/sites/all/libraries/fancybox/source/fancybox_loading@2x.gif]
[www.calstatela.edu/sites/all/libraries/fancybox/source/jquery.fancybox70d9.css]
[www.calstatela.edu/sites/all/modules/custom/kwall_slide_menu/css/kwall_slide_menu70d9.css]
[www.calstatela.edu/sites/all/themes/custom/csula_partial_theme/css/normalize70d9.css]
[www.calstatela.edu/sites/all/themes/custom/csula_partial_theme/images/bkgrndYellowArrow.png]
[www.calstatela.edu/sites/all/themes/custom/csula_partial_theme/images/menu-leaf.png]
[www.calstatela.edu/sites/all/themes/custom/csula_partial_theme/images/menu-collapsed.png]
[www.calstatela.edu/sites/all/themes/custom/csula_partial_theme/images/menu-expanded.png]
[www.calstatela.edu/sites/all/themes/custom/csula_partial_theme/images/bkgrndArrowOrange.png]
[www.calstatela.edu/sites/all/themes/custom/csula_partial_theme/images/bkgrndBulletArrow.png]
[www.calstatela.edu/sites/default/files/images/web/note.gif]
[www.calstatela.edu/sites/default/files/images/web/pdficon.gif]
[www.calstatela.edu/sites/default/files/images/web/extl.gif]
[www.calstatela.edu/sites/default/files/Common_Files/images/gradient.gif]
[www.calstatela.edu/sites/all/themes/custom/csula_partial_theme/images/ui-icons_fff_256x240.png]
[www.calstatela.edu/sites/all/themes/custom/csula_partial_theme/images/leftright_arrows.png]
[www.calstatela.edu/sites/all/themes/custom/csula_partial_theme/images/bkgrndSingleArrowOrange.png]
[www.calstatela.edu/sites/all/themes/custom/csula_partial_theme/images/bkgrndNewsArrows.png]
[www.calstatela.edu/sites/all/themes/custom/csula_partial_theme/images/bkgrndDownArrow.png]
[www.calstatela.edu/sites/all/themes/custom/csula_partial_theme/images/bkgrndRightArrowOrange.png]
[www.calstatela.edu/sites/all/themes/custom/csula_partial_theme/images/bkgrndRightArrowLightGrey.png]
[www.calstatela.edu/sites/all/themes/custom/csula_partial_theme/images/bkgrndRightArrowDarkGrey.png]
[www.calstatela.edu/sites/all/themes/custom/csula_partial_theme/images/bkgrndGreyArrow.png]
[www.calstatela.edu/sites/all/themes/custom/csula_partial_theme/images/upcomingEventsArroww.png]
[www.calstatela.edu/sites/all/themes/custom/csula_partial_theme/images/upcomingEventsArrow.png]
[www.calstatela.edu/sites/all/themes/custom/csula_partial_theme/images/upcomingEventsArrowactive.png]
[www.calstatela.edu/sites/all/themes/custom/csula_partial_theme/images/bkgrndSMIcons3.png]
[www.calstatela.edu/sites/all/themes/custom/csula_theme/images/bkgrndSlideBttns.png]
[www.calstatela.edu/sites/all/themes/custom/csula_theme/images/BkgrndSliderPagerBttns.png]
[www.calstatela.edu/sites/all/themes/custom/csula_theme/images/bkg-caption.png]
[www.calstatela.edu/sites/all/themes/custom/csula_partial_theme/housing_files/pdf-icon.jpg]
[www.calstatela.edu/sites/all/themes/custom/csula_partial_theme/images/bkgrndSliderArrowsWhite.png]
[www.calstatela.edu/sites/default/files/groups/LA BioSpace/lakretz_beauty.png]
[www.calstatela.edu/sites/default/files/less/styles.EtyKzp96unbMbXgtJ3VeZ6o3dhS3wZC31Y5pdCsBXLo70d9.css]
[www.calstatela.edu/sites/default/files/css_injector/css_injector_170d9.css]
[www.calstatela.edu/sites/default/files/css_injector/css_injector_17670d9.css]
[www.calstatela.edu/sites/default/files/groups/High Performance Information Computing Center (HiPIC)/images/jwcbs2014.jpg]
[www.calstatela.edu/sites/default/files/groups/High Performance Information Computing Center (HiPIC)/people/shradha_photo.png]
[www.calstatela.edu/centers/hipic/_https_/www.calstatela.edu/sites/all/libraries/ckeditor/plugins/link/images/anchor8933.png]
[www.calstatela.edu/sites/default/files/groups/High Performance Information Computing Center (HiPIC)/people/dhruvipatel.png]
[www.calstatela.edu/sites/default/files/groups/High Performance Information Computing Center (HiPIC)/images/apaul.jpg]
[www.calstatela.edu/sites/default/files/groups/High Performance Information Computing Center (HiPIC)/images/skundu.jpg]
[www.calstatela.edu/sites/default/files/groups/High Performance Information Computing Center (HiPIC)/images/amohsen.jpg]
[www.calstatela.edu/sites/default/files/groups/High Performance Information Computing Center (HiPIC)/images/thumb_lrandall.jpg]
[www.calstatela.edu/sites/default/files/groups/High Performance Information Computing Center (HiPIC)/images/fullnehagupta.jpg]
[www.calstatela.edu/sites/default/files/groups/High Performance Information Computing Center (HiPIC)/images/ddauletbak.jpg]
[www.calstatela.edu/sites/default/files/groups/High Performance Information Computing Center (HiPIC)/images/mmishra.jpg]
[www.calstatela.edu/centers/hipic/_http_/www.calstatela.edu/sites/all/libraries/ckeditor/plugins/link/images/anchor8933.png]
[www.calstatela.edu/sites/default/files/groups/High Performance Information Computing Center (HiPIC)/images/ruchi_singh.png]
[www.calstatela.edu/sites/default/files/groups/High Performance Information Computing Center (HiPIC)/images/priynakaprushu.jpg]
[www.calstatela.edu/sites/default/files/groups/High Performance Information Computing Center (HiPIC)/images/kunalpritwanit.jpg]
[www.calstatela.edu/sites/default/files/groups/High Performance Information Computing Center (HiPIC)/images/manvi.jpg]
[www.calstatela.edu/sites/default/files/groups/High Performance Information Computing Center (HiPIC)/images/kalep.png]
[www.calstatela.edu/sites/default/files/groups/High Performance Information Computing Center (HiPIC)/images/priyal_m.jpg]
[www.calstatela.edu/sites/default/files/groups/High Performance Information Computing Center (HiPIC)/images/dondar.jpg]
[www.calstatela.edu/sites/default/files/groups/High Performance Information Computing Center (HiPIC)/images/apekshitb.jpg]
[www.calstatela.edu/sites/default/files/groups/High Performance Information Computing Center (HiPIC)/images/mshahbaz.jpg]
[www.calstatela.edu/centers/hipic/research/TrafficViolation/index.htm]
[www.calstatela.edu/centers/hipic/chart of airline data analysis]
[www.calstatela.edu/centers/images/research/trafficViol.png]
[www.calstatela.edu/sites/default/files/groups/High Performance Information Computing Center (HiPIC)/images/psarang.jpg]
[www.calstatela.edu/sites/default/files/groups/High Performance Information Computing Center (HiPIC)/images/pgiri.jpg]
[www.calstatela.edu/centers/hipic/research/criminalDataAnalysis/Piyush Giri Analysis on Criminal Data.html]
[www.calstatela.edu/centers/hipic/chart of criminal data analysis]
[www.calstatela.edu/centers/hipic/research/criminalDataAnalysis/Piyush Giri Analysis on Criminal Data_files/image008.jpg]
[www.calstatela.edu/sites/default/files/groups/High Performance Information Computing Center (HiPIC)/images/nillohit.jpg]
[www.calstatela.edu/centers/hipic/research/Airline Data Set_HTML/Airline Data Set Analysis_New.htm]
[www.calstatela.edu/centers/images/research/airline.png]
[www.calstatela.edu/centers/hipic/research/twitter/Twitter_Sentiment_Analysis_Using_Spark.htm]
[www.calstatela.edu/centers/images/people/2015/jmehta.jpg]
[www.calstatela.edu/sites/default/files/groups/High Performance Information Computing Center (HiPIC)/images/jmehta.jpg]
[www.calstatela.edu/centers/hipic/research/nyseCharts/Charts for Hipic.htm]
[www.calstatela.edu/centers/hipic/stock chart]
[www.calstatela.edu/centers/images/research/financeStockVolume.png]
[www.calstatela.edu/sites/default/files/groups/High Performance Information Computing Center (HiPIC)/images/hkryu_photo.jpg]
[www.calstatela.edu/sites/default/files/groups/High Performance Information Computing Center (HiPIC)/images/suhyeonoh.jpg]
[www.calstatela.edu/centers/hipic/--WEBBOT-HOME--]
[www.calstatela.edu/centers/hipic/people.html]
[public.tableau.com/static/images/D7/D7JZ4R4DJ/1_rss.png]
[www.calstatela.edu/sites/default/files/groups/High Performance Information Computing Center (HiPIC)/media/thumb_trafficusersreport.png]
[www.calstatela.edu/sites/default/files/groups/High Performance Information Computing Center (HiPIC)/research/nearcampusbizschools.jpg]
[www.calstatela.edu/centers/hipic/chart of criminal analysis]
[www.calstatela.edu/sites/default/files/groups/High Performance Information Computing Center (HiPIC)/research/powermapsentiment.jpg]
[www.calstatela.edu/centers/hipic/chart of traffic violationdata analysis]
[www.calstatela.edu/sites/default/files/groups/High Performance Information Computing Center (HiPIC)/research/trafficviol.png]
[www.calstatela.edu/sites/default/files/groups/High Performance Information Computing Center (HiPIC)/research/financestockvolume.png]
[www.calstatela.edu/sites/default/files/groups/High Performance Information Computing Center (HiPIC)/research/airline.png]
[www.calstatela.edu/centers/hipic/research.html]
[www.calstatela.edu/centers/hipic/publications.html]
[www.calstatela.edu/sites/default/files/groups/High Performance Information Computing Center (HiPIC)/media/pleiony.png]
[www.calstatela.edu/centers/hipic/CEO Kim]
[www.calstatela.edu/sites/default/files/groups/High Performance Information Computing Center (HiPIC)/people/ypkim.jpg]
[www.calstatela.edu/centers/hipic/Ryoo Jungwoo]
[www.calstatela.edu/sites/default/files/groups/High Performance Information Computing Center (HiPIC)/people/dr.ryoojw.jpg]
[www.calstatela.edu/centers/hipic/hwang_seokyoun]
[www.calstatela.edu/sites/default/files/groups/High Performance Information Computing Center (HiPIC)/people/profsyhwang.jpg]
[www.calstatela.edu/sites/default/files/groups/High Performance Information Computing Center (HiPIC)/partners/isaac.png]
[www.calstatela.edu/centers/hipic/collaborators.html]
[www.calstatela.edu/centers/hipic/arirang covid19 summer 2020]
[www.calstatela.edu/sites/default/files/groups/High Performance Information Computing Center (HiPIC)/media/screenshot_2020-08-27-17-43-12-292_com.google.android.youtube.jpg]
[www.calstatela.edu/sites/default/files/groups/High Performance Information Computing Center (HiPIC)/media/img_20200707_101146.jpg]
[www.calstatela.edu/centers/hipic/Interview with Arirang TV for COVID-19]
[www.calstatela.edu/sites/default/files/groups/High Performance Information Computing Center (HiPIC)/media/thumb_arirang20200520_131723.png]
[www.calstatela.edu/sites/default/files/groups/High Performance Information Computing Center (HiPIC)/media/thumb_monika_0.gif]
[www.calstatela.edu/sites/default/files/groups/High Performance Information Computing Center (HiPIC)/media/thumb_coronavirus-300x169.jpg]
[www.calstatela.edu/sites/default/files/groups/High Performance Information Computing Center (HiPIC)/media/thumb_dalya-3.jpg]
[www.calstatela.edu/sites/default/files/groups/High Performance Information Computing Center (HiPIC)/media/thumb_screen_shot_us.png]
[www.calstatela.edu/sites/default/files/groups/High Performance Information Computing Center (HiPIC)/media/thumb_screen_shot_world.png]
[www.calstatela.edu/sites/default/files/groups/High Performance Information Computing Center (HiPIC)/media/thumb_talkkeimyungunivjwoo.jpg]
[www.calstatela.edu/sites/default/files/groups/High Performance Information Computing Center (HiPIC)/media/thumb_talkiconivietnam2019.jpg]
[www.calstatela.edu/sites/default/files/groups/High Performance Information Computing Center (HiPIC)/media/thumb_talkscudec2019.png]
[www.calstatela.edu/sites/default/files/groups/High Performance Information Computing Center (HiPIC)/media/thumb_jongwookicon2019.jpg]
[www.calstatela.edu/sites/default/files/groups/High Performance Information Computing Center (HiPIC)/media/thumb_20191203153345291703.jpg]
[www.calstatela.edu/sites/default/files/groups/High Performance Information Computing Center (HiPIC)/images/thumb_teradata_universe2019.jpg]
[www.calstatela.edu/sites/default/files/groups/High Performance Information Computing Center (HiPIC)/images/thumb_aws.png]
[www.calstatela.edu/sites/default/files/groups/High Performance Information Computing Center (HiPIC)/partners/thumb_obd_0.png]
[www.calstatela.edu/sites/default/files/groups/High Performance Information Computing Center (HiPIC)/media/thumb_ideas2018.png]
[www.calstatela.edu/sites/default/files/groups/High Performance Information Computing Center (HiPIC)/media/thumb_ruchicommencement2018.png]
[www.calstatela.edu/sites/default/files/groups/High Performance Information Computing Center (HiPIC)/images/isaactechadv.png]
[www.calstatela.edu/sites/default/files/groups/High Performance Information Computing Center (HiPIC)/media/sigdsa2017.jpg]
[www.calstatela.edu/sites/default/files/groups/High Performance Information Computing Center (HiPIC)/media/aws2015.jpg]
[www.calstatela.edu/sites/default/files/groups/High Performance Information Computing Center (HiPIC)/media/tun17.jpg]
[www.calstatela.edu/sites/default/files/groups/High Performance Information Computing Center (HiPIC)/media/tun17_2.jpg]
[www.calstatela.edu/sites/default/files/groups/High Performance Information Computing Center (HiPIC)/media/softzenmou.jpg]
[www.calstatela.edu/sites/default/files/groups/High Performance Information Computing Center (HiPIC)/media/keynoteksci2017.jpg]
[www.calstatela.edu/sites/default/files/groups/High Performance Information Computing Center (HiPIC)/media/bigdatalg.jpg]
[www.calstatela.edu/sites/default/files/groups/High Performance Information Computing Center (HiPIC)/media/elasticsearchmeetup.jpg]
[www.calstatela.edu/sites/default/files/groups/High Performance Information Computing Center (HiPIC)/media/segye20150710021092_0.jpg]
[www.calstatela.edu/sites/default/files/groups/High Performance Information Computing Center (HiPIC)/media/tn_jwcbs.jpg]
[www.calstatela.edu/sites/default/files/groups/High Performance Information Computing Center (HiPIC)/media/tn_clouderainterview20141112_161322.png]
[www.calstatela.edu/sites/default/files/groups/High Performance Information Computing Center (HiPIC)/media/resized_clouderamark.png]
[www.calstatela.edu/sites/default/files/groups/High Performance Information Computing Center (HiPIC)/media/tn_j-woo2.jpg]
[www.calstatela.edu/centers/hipic/news-events.html]
[www.calstatela.edu/centers/hipic/related-site.html]
[www.calstatela.edu/centers/hipic/call-papers-0.html]
[www.calstatela.edu/sites/default/files/groups/High Performance Information Computing Center (HiPIC)/images/cis5560titlesun_0.jpg]
[www.calstatela.edu/sites/default/files/groups/High Performance Information Computing Center (HiPIC)/images/spark-logo-trademark.png]
[www.calstatela.edu/sites/default/files/groups/High Performance Information Computing Center (HiPIC)/images/cis5200title.jpg]
[www.calstatela.edu/sites/default/files/groups/High Performance Information Computing Center (HiPIC)/images/hadoop.jpg]
[www.calstatela.edu/centers/hipic/big-data-classes.html]
[public.tableau.com/static/images/KX/KX4S5BSNG/1_rss.png]
[public.tableau.com/static/images/KX/KX4S5BSNG/1.png]
[public.tableau.com/javascripts/api/viz_v1.js]
[www.calstatela.edu/centers/hipic/covid-19-us-ca-confirmed-prediction.html]
[public.tableau.com/static/images/38/382JKZG2W/1_rss.png]
[public.tableau.com/static/images/38/382JKZG2W/1.png]
[public.tableau.com/static/images/N2/N2H7H43FZ/1_rss.png]
[public.tableau.com/static/images/N2/N2H7H43FZ/1.png]
[public.tableau.com/static/images/Re/Real-timeCovid-19Status/COVID-19/1_rss.png]
[public.tableau.com/static/images/Re/Real-timeCovid-19Status/COVID-19/1.png]
[public.tableau.com/static/images/In/IndiaCovid-19Statistics/IndiaCovid-19Statistics/1_rss.png]
[public.tableau.com/static/images/In/IndiaCovid-19Statistics/IndiaCovid-19Statistics/1.png]
[www.calstatela.edu/centers/hipic/covid-19-0.html]
[www.calstatela.edu/centers/CSULA Transparent Shiled Logo Fall 2015.html]
[www.calstatela.edu/centers/CSULA Pop Logo.html]
[www.calstatela.edu/centers/hipic/index.html]
[www.calstatela.edu/sites/all/modules/contrib/scroll_to_top/null.html]
[www.calstatela.edu/sites/all/themes/custom/csula_partial_theme/housing_files/pdf-icon.html]
[www.calstatela.edu/centers/hipic/_https_/www.calstatela.edu/sites/all/libraries/ckeditor/plugins/link/images/anchor8933.html]
[www.calstatela.edu/centers/hipic/_http_/www.calstatela.edu/sites/all/libraries/ckeditor/plugins/link/images/anchor8933.html]
[www.calstatela.edu/centers/hipic/research/TrafficViolation/index.html]
[www.calstatela.edu/centers/hipic/chart of airline data analysis.html]
[www.calstatela.edu/centers/images/research/trafficViol.html]
[www.calstatela.edu/centers/hipic/research/criminalDataAnalysis/Piyush Giri Analysis on Criminal Data.html]
[www.calstatela.edu/centers/hipic/chart of criminal data analysis.html]
[www.calstatela.edu/centers/hipic/research/criminalDataAnalysis/Piyush Giri Analysis on Criminal Data_files/image008.html]
[www.calstatela.edu/centers/hipic/research/Airline Data Set_HTML/Airline Data Set Analysis_New.html]
[www.calstatela.edu/centers/images/research/airline.html]
[www.calstatela.edu/centers/hipic/research/twitter/Twitter_Sentiment_Analysis_Using_Spark.html]
[www.calstatela.edu/centers/images/people/2015/jmehta.html]
[www.calstatela.edu/centers/hipic/research/nyseCharts/Charts for Hipic.html]
[www.calstatela.edu/centers/hipic/stock chart.html]
[www.calstatela.edu/centers/images/research/financeStockVolume.html]
[www.calstatela.edu/centers/hipic/--WEBBOT-HOME--.html]
[www.calstatela.edu/centers/hipic/chart of criminal analysis.html]
[www.calstatela.edu/centers/hipic/chart of traffic violationdata analysis.html]
[www.calstatela.edu/centers/hipic/CEO Kim.html]
[www.calstatela.edu/centers/hipic/Ryoo Jungwoo.html]
[www.calstatela.edu/centers/hipic/hwang_seokyoun.html]
[www.calstatela.edu/centers/hipic/arirang covid19 summer 2020.html]
[www.calstatela.edu/centers/hipic/Interview with Arirang TV for COVID-19.html]
